MA Lottery Odds at http://localhost:3001
[schedule] Next scrape: 3/15/2026, 6:00:00 AM, next notify: 3/15/2026, 8:00:00 AM
[scraper] Fetching games list...
[scraper] Found 146 scratch games
[scraper] (1/146) $2,000,000 STACKED...
[scraper] (2/146) $4,000,000 CASH DOUBLER...
[scraper] (3/146) LOTERIA™...
[scraper] (4/146) $1,000,000 HIGH ROLLER...
[scraper] (5/146) WIN IT ALL BONUS...
[scraper] (6/146) 2 FOR $1...
[scraper] (7/146) $50 in a Flash ...
[scraper] (8/146) $25, $50 and $250 CELEBRATION BLOWOUT...
[scraper] (9/146) $10,000,000 CASHWORD...
[scraper] (10/146) $4,000,000 IN THE MONEY ...
[scraper] (11/146) $1,000,000 GO FOR THE GREEN ...
[scraper] (12/146) RUBY MINE 50X...
[scraper] (13/146) $100,000 MULTIPLIER MANIA...
[scraper] (14/146) $10,000 DOUBLE WIN...
[scraper] (15/146) Power Play™ Cashword ...
[scraper] (16/146) WINNER WINNER CHICKEN DINNER...
[scraper] (17/146) $5,000,000 100X CASHWORD...
[scraper] (18/146) $250,000 WINTER WINNINGS...
[scraper] (19/146) MERRY-MINT BLOWOUT...
[scraper] (20/146) $200,000 ELF CASHWORD...
[scraper] (21/146) $1,000,000 WINTER WINNINGS...
[scraper] (22/146) $100,000 WINTER WINNINGS ...
[scraper] (23/146) $10,000 WINTER WINNINGS ...
[scraper] (24/146) $2,000,000 50X CASHWORD 2025...
[scraper] (25/146) $500 MANIA...
[scraper] (26/146) $200,000 HALLOWEEN...
[scraper] (27/146) GHOSTBUSTERS™...
[scraper] (28/146) $100,000 BONUS SCRATCH...
[scraper] (29/146) $10,000,000 INSTANT MILLIONS ...
[scraper] (30/146) $100,000 MAX WINNINGS...
[scraper] (31/146) $1,000,000 BIG MONEY ...
[scraper] (32/146) $100,000 TWO FOR THE MONEY ...
[scraper] (33/146) $10,000 BONUS PLAY ...
[scraper] (34/146) $1,000,000 BONUS WINS...
[scraper] (35/146) $500 CA$H...
[scraper] (36/146) $100 STACKED...
[scraper] (37/146) WINNER WINNER CHICKEN DINNER...
[scraper] (38/146) $25, $50 and $250 CELEBRATION BLOWOUT ...
[scraper] (39/146) 200X...
[scraper] (40/146) 100X...
[scraper] (41/146) 50X...
[scraper] (42/146) 20X...
[scraper] (43/146) 10X...
[scraper] (44/146) $25,000,000 MEGA MONEY ...
[scraper] (45/146) $500,000 CASHWORD CORNERS ...
[scraper] (46/146) $50, $100 and $500 BLOWOUT...
[scraper] (47/146) $15,000,000 COLOSSAL MILLIONS...
[scraper] (48/146) $4,000,000 CASH KING DOUBLER...
[scraper] (49/146) TRIPLE 777...
[scraper] (50/146) $100,000 DOUBLE MATCH...
[scraper] (51/146) $25, $50 and $250 CELEBRATION BLOWOUT ...
[scraper] (52/146) $50,000 Star Cashword...
[scraper] (53/146) $2,500 A WEEK FOR LIFE ...
[scraper] (54/146) $1,000 A WEEK FOR LIFE ...
[scraper] (55/146) $200 A WEEK FOR LIFE ...
[scraper] (56/146) $100 A WEEK FOR LIFE...
[scraper] (57/146) Big Blue Bonus Cashword 2025...
[scraper] (58/146) $2,000,000 DIAMOND CASHWORD...
[scraper] (59/146) $4,000,000 GOLD 50X ...
[scraper] (60/146) EMERALD MINE 50X...
[scraper] (61/146) $25, $50 and $250 CELEBRATION BLOWOUT...
[scraper] (62/146) $100,000 TRIPLE 333...
[scraper] (63/146) LUCK OF THE IRISH TRIPLER ...
[scraper] (64/146) $50 in a Flash...
[scraper] (65/146) CELTICS BANNER 18...
[scraper] (66/146) MERRY & BRIGHT BLOWOUT...
[scraper] (67/146) $2,500,000 MERRY & BRIGHT...
[scraper] (68/146) $1,000,000 MERRY & BRIGHT ...
[scraper] (69/146) $100,000 MERRY & BRIGHT ...
[scraper] (70/146) NAUGHTY OR NICE CASHWORD ...
[scraper] (71/146) $10,000 MERRY & BRIGHT ...
[scraper] (72/146) DIAMOND DELUXE...
[scraper] (73/146) $4,000,000 BONUS MONEY...
[scraper] (74/146) $1,000,000 ULTIMATE 7...
[scraper] (75/146) LUCKY 13...
[scraper] (76/146) $100,000 WINNING 7s...
[scraper] (77/146) $10,000,000 BONANZA ...
[scraper] (78/146) $50, $100 and $500 BLOWOUT ...
[scraper] (79/146) GAME OF THRONES™...
[scraper] (80/146) $100,000 CASH EXTRA...
[scraper] (81/146) $10,000 WIN ALL...
[scraper] (82/146) $2,000,000 50X CASHWORD 2024...
[scraper] (83/146) $5,000,000 100X CASHWORD 2024...
[scraper] (84/146) BONUS 100X...
[scraper] (85/146) BONUS 50X...
[scraper] (86/146) BONUS 20X...
[scraper] (87/146) BONUS 10X...
[scraper] (88/146) The Instant Game ...
[scraper] (89/146) $50 in a Flash...
[scraper] (90/146) $100,000 POWER SHOT...
[scraper] (91/146) $4,000,000 LION’S SHARE ...
[scraper] (92/146) $1,000,000 STACKS OF CASH...
[scraper] (93/146) JAWS...
[scraper] (94/146) $4,000,000 Monopoly Doubler...
[scraper] (95/146) $1,000,000 Monopoly Doubler...
[scraper] (96/146) $100,000 MONOPOLY Doubler ...
[scraper] (97/146) $10,000 MONOPOLY Doubler ...
[scraper] (98/146) Lifetime Millions...
[scraper] (99/146) $50 In a Flash...
[scraper] (100/146) $4,000,000 BONUS BUCKS...
[scraper] (101/146) Gold Mine 50X ...
[scraper] (102/146) Quick $100s...
[scraper] (103/146) Hot 7s...
[scraper] (104/146) Cold Cash Blowout...
[scraper] (105/146) $50,000 Winter Green...
[scraper] (106/146) $5,000 Snow Much Money ...
[scraper] (107/146) $10,000,000 Cash Blast...
[scraper] (108/146) 777...
[scraper] (109/146) Diamonds and Dollars...
[scraper] (110/146) Universal Monsters ™...
[scraper] (111/146) Double Cash...
[scraper] (112/146) Triple Tripler...
[scraper] (113/146) BIG BLUE BONUS CASHWORD 2023...
[scraper] (114/146) $50,000 Star Cashword...
[scraper] (115/146) Bingo...
[scraper] (116/146) $4,000,000 Bonus Loot...
[scraper] (117/146) Instant $500s...
[scraper] (118/146) Waves of Cash...
[scraper] (119/146) $100,000 Extra Play...
[scraper] (120/146) $50 in a Flash...
[scraper] (121/146) 300X...
[scraper] (122/146) 100X CASH...
[scraper] (123/146) $2,000,000 50X Cashword...
[scraper] (124/146) BATTLESHIP™...
[scraper] (125/146) $10,000,000 PREMIER CASH...
[scraper] (126/146) $4,000,000 DIAMONDS...
[scraper] (127/146) $5,000,000 100X CASHWORD...
[scraper] (128/146) $10 DECADE OF DOLLARS...
[scraper] (129/146) BILLION DOLLAR EXTRAVAGANZA...
[scraper] (130/146) $500,000 CASHWORD CORNERS 2023...
[scraper] (131/146) $10,000,000 LUCKY BUCKS...
[scraper] (132/146) $4,000,000 PLATINUM JACKPOT...
[scraper] (133/146) POWER PLAY® CASHWORD...
[scraper] (134/146) $10,000,000 CASH KING...
[scraper] (135/146) EMERALDS 50X...
[scraper] (136/146) MILLIONS...
[scraper] (137/146) $4,000,000 MONEY BAGS...
[scraper] (138/146) $1,000,000 WINNING 7...
[scraper] (139/146) $4,000,000 JUMBO CASH...
[scraper] (140/146) ELECTRIC 7s...
[scraper] (141/146) $15,000,000 MONEY MAKER...
[scraper] (142/146) $4,000,000 Mayhem...
[scraper] (143/146) Fabulous Fortune...
[scraper] (144/146) Money Money Money...
[scraper] (145/146) Bonus Bar Bingo 2021...
[scraper] (146/146) $50,000 Star Cashword...
[scraper] Done. 146 scraped, 0 failed. Saved to /Users/ianhandy/Programming/repos/ma-lottery-odds/server/data/2026-03-14.json
[server] Scrape complete
MA Lottery Odds at http://localhost:3001
[schedule] Next scrape: 3/15/2026, 6:00:00 AM, next notify: 3/15/2026, 8:00:00 AM
MA Lottery Odds at http://localhost:3001
[schedule] Next scrape: 3/15/2026, 6:00:00 AM, next notify: 3/15/2026, 8:00:00 AM
MA Lottery Odds at http://localhost:3001
[schedule] Next scrape: 3/15/2026, 6:00:00 AM, next notify: 3/15/2026, 8:00:00 AM
